// Jest Snapshot v1, https://goo.gl/fbAQLP

exports[`MainContent renders correctly 1`] = `
ShallowWrapper {
  Symbol(enzyme.__root__): [Circular],
  Symbol(enzyme.__unrendered__): <MovieTile />,
  Symbol(enzyme.__renderer__): Object {
    "batchedUpdates": [Function],
    "checkPropTypes": [Function],
    "getNode": [Function],
    "render": [Function],
    "simulateError": [Function],
    "simulateEvent": [Function],
    "unmount": [Function],
  },
  Symbol(enzyme.__node__): Object {
    "instance": null,
    "key": undefined,
    "nodeType": "host",
    "props": Object {
      "children": Array [
        <span
          className="popularity"
        >
          89%
          <span
            className="bottom-border"
          />
        </span>,
        <img
          alt="Title"
          src="https://image.tmdb.org/t/p/w200/adw6Lq9FiC9zjYEpOqfq03ituwp.jpg"
        />,
        <div
          className="movie-details"
        >
          <h4>
            Fight club
          </h4>
          <div
            className="release-date"
          >
            14 February 2019
          </div>
          <div
            className="description"
          >
            A ticking-time-bomb insomniac and a slippery soap salesman channel primal male aggression into a shocking new form of therapy.
          </div>
        </div>,
      ],
      "className": "movie-tile",
    },
    "ref": null,
    "rendered": Array [
      Object {
        "instance": null,
        "key": undefined,
        "nodeType": "host",
        "props": Object {
          "children": Array [
            "89%",
            <span
              className="bottom-border"
            />,
          ],
          "className": "popularity",
        },
        "ref": null,
        "rendered": Array [
          "89%",
          Object {
            "instance": null,
            "key": undefined,
            "nodeType": "host",
            "props": Object {
              "className": "bottom-border",
            },
            "ref": null,
            "rendered": null,
            "type": "span",
          },
        ],
        "type": "span",
      },
      Object {
        "instance": null,
        "key": undefined,
        "nodeType": "host",
        "props": Object {
          "alt": "Title",
          "src": "https://image.tmdb.org/t/p/w200/adw6Lq9FiC9zjYEpOqfq03ituwp.jpg",
        },
        "ref": null,
        "rendered": null,
        "type": "img",
      },
      Object {
        "instance": null,
        "key": undefined,
        "nodeType": "host",
        "props": Object {
          "children": Array [
            <h4>
              Fight club
            </h4>,
            <div
              className="release-date"
            >
              14 February 2019
            </div>,
            <div
              className="description"
            >
              A ticking-time-bomb insomniac and a slippery soap salesman channel primal male aggression into a shocking new form of therapy.
            </div>,
          ],
          "className": "movie-details",
        },
        "ref": null,
        "rendered": Array [
          Object {
            "instance": null,
            "key": undefined,
            "nodeType": "host",
            "props": Object {
              "children": "Fight club",
            },
            "ref": null,
            "rendered": "Fight club",
            "type": "h4",
          },
          Object {
            "instance": null,
            "key": undefined,
            "nodeType": "host",
            "props": Object {
              "children": "14 February 2019",
              "className": "release-date",
            },
            "ref": null,
            "rendered": "14 February 2019",
            "type": "div",
          },
          Object {
            "instance": null,
            "key": undefined,
            "nodeType": "host",
            "props": Object {
              "children": "A ticking-time-bomb insomniac and a slippery soap salesman channel primal male aggression into a shocking new form of therapy.",
              "className": "description",
            },
            "ref": null,
            "rendered": "A ticking-time-bomb insomniac and a slippery soap salesman channel primal male aggression into a shocking new form of therapy.",
            "type": "div",
          },
        ],
        "type": "div",
      },
    ],
    "type": "div",
  },
  Symbol(enzyme.__nodes__): Array [
    Object {
      "instance": null,
      "key": undefined,
      "nodeType": "host",
      "props": Object {
        "children": Array [
          <span
            className="popularity"
          >
            89%
            <span
              className="bottom-border"
            />
          </span>,
          <img
            alt="Title"
            src="https://image.tmdb.org/t/p/w200/adw6Lq9FiC9zjYEpOqfq03ituwp.jpg"
          />,
          <div
            className="movie-details"
          >
            <h4>
              Fight club
            </h4>
            <div
              className="release-date"
            >
              14 February 2019
            </div>
            <div
              className="description"
            >
              A ticking-time-bomb insomniac and a slippery soap salesman channel primal male aggression into a shocking new form of therapy.
            </div>
          </div>,
        ],
        "className": "movie-tile",
      },
      "ref": null,
      "rendered": Array [
        Object {
          "instance": null,
          "key": undefined,
          "nodeType": "host",
          "props": Object {
            "children": Array [
              "89%",
              <span
                className="bottom-border"
              />,
            ],
            "className": "popularity",
          },
          "ref": null,
          "rendered": Array [
            "89%",
            Object {
              "instance": null,
              "key": undefined,
              "nodeType": "host",
              "props": Object {
                "className": "bottom-border",
              },
              "ref": null,
              "rendered": null,
              "type": "span",
            },
          ],
          "type": "span",
        },
        Object {
          "instance": null,
          "key": undefined,
          "nodeType": "host",
          "props": Object {
            "alt": "Title",
            "src": "https://image.tmdb.org/t/p/w200/adw6Lq9FiC9zjYEpOqfq03ituwp.jpg",
          },
          "ref": null,
          "rendered": null,
          "type": "img",
        },
        Object {
          "instance": null,
          "key": undefined,
          "nodeType": "host",
          "props": Object {
            "children": Array [
              <h4>
                Fight club
              </h4>,
              <div
                className="release-date"
              >
                14 February 2019
              </div>,
              <div
                className="description"
              >
                A ticking-time-bomb insomniac and a slippery soap salesman channel primal male aggression into a shocking new form of therapy.
              </div>,
            ],
            "className": "movie-details",
          },
          "ref": null,
          "rendered": Array [
            Object {
              "instance": null,
              "key": undefined,
              "nodeType": "host",
              "props": Object {
                "children": "Fight club",
              },
              "ref": null,
              "rendered": "Fight club",
              "type": "h4",
            },
            Object {
              "instance": null,
              "key": undefined,
              "nodeType": "host",
              "props": Object {
                "children": "14 February 2019",
                "className": "release-date",
              },
              "ref": null,
              "rendered": "14 February 2019",
              "type": "div",
            },
            Object {
              "instance": null,
              "key": undefined,
              "nodeType": "host",
              "props": Object {
                "children": "A ticking-time-bomb insomniac and a slippery soap salesman channel primal male aggression into a shocking new form of therapy.",
                "className": "description",
              },
              "ref": null,
              "rendered": "A ticking-time-bomb insomniac and a slippery soap salesman channel primal male aggression into a shocking new form of therapy.",
              "type": "div",
            },
          ],
          "type": "div",
        },
      ],
      "type": "div",
    },
  ],
  Symbol(enzyme.__options__): Object {
    "adapter": ReactSixteenAdapter {
      "options": Object {
        "enableComponentDidUpdateOnSetState": true,
        "legacyContextMode": "parent",
        "lifecycles": Object {
          "componentDidUpdate": Object {
            "onSetState": true,
          },
          "getChildContext": Object {
            "calledByRenderer": false,
          },
          "getDerivedStateFromProps": Object {
            "hasShouldComponentUpdateBug": false,
          },
          "getSnapshotBeforeUpdate": true,
          "setState": Object {
            "skipsComponentDidUpdateOnNullish": true,
          },
        },
      },
    },
  },
}
`;
