// Jest Snapshot v1, https://goo.gl/fbAQLP

exports[`TopMovies renders correctly 1`] = `
ShallowWrapper {
  Symbol(enzyme.__root__): [Circular],
  Symbol(enzyme.__unrendered__): <TopMovies
    closeLeftNav={[Function]}
    setActivePage={[Function]}
    topMovies={
      Array [
        Object {
          "id": 1,
        },
        Object {
          "id": 2,
        },
      ]
    }
  />,
  Symbol(enzyme.__renderer__): Object {
    "batchedUpdates": [Function],
    "checkPropTypes": [Function],
    "getNode": [Function],
    "render": [Function],
    "simulateError": [Function],
    "simulateEvent": [Function],
    "unmount": [Function],
  },
  Symbol(enzyme.__node__): Object {
    "instance": null,
    "key": undefined,
    "nodeType": "host",
    "props": Object {
      "children": Array [
        <h3>
          Top Rated Movies
        </h3>,
        null,
        <div
          className="row"
        >
          <div
            className="col-sm-4 col-xs-6"
          >
            <Connect(MovieTile)
              isAdded={false}
              movieDetails={
                Object {
                  "id": 1,
                }
              }
            />
          </div>
          <div
            className="col-sm-4 col-xs-6"
          >
            <Connect(MovieTile)
              isAdded={false}
              movieDetails={
                Object {
                  "id": 2,
                }
              }
            />
          </div>
        </div>,
      ],
      "className": "top-rated-movies",
    },
    "ref": null,
    "rendered": Array [
      Object {
        "instance": null,
        "key": undefined,
        "nodeType": "host",
        "props": Object {
          "children": "Top Rated Movies",
        },
        "ref": null,
        "rendered": "Top Rated Movies",
        "type": "h3",
      },
      null,
      Object {
        "instance": null,
        "key": undefined,
        "nodeType": "host",
        "props": Object {
          "children": Array [
            <div
              className="col-sm-4 col-xs-6"
            >
              <Connect(MovieTile)
                isAdded={false}
                movieDetails={
                  Object {
                    "id": 1,
                  }
                }
              />
            </div>,
            <div
              className="col-sm-4 col-xs-6"
            >
              <Connect(MovieTile)
                isAdded={false}
                movieDetails={
                  Object {
                    "id": 2,
                  }
                }
              />
            </div>,
          ],
          "className": "row",
        },
        "ref": null,
        "rendered": Array [
          Object {
            "instance": null,
            "key": "1",
            "nodeType": "host",
            "props": Object {
              "children": <Connect(MovieTile)
                isAdded={false}
                movieDetails={
                  Object {
                    "id": 1,
                  }
                }
              />,
              "className": "col-sm-4 col-xs-6",
            },
            "ref": null,
            "rendered": Object {
              "instance": null,
              "key": undefined,
              "nodeType": "class",
              "props": Object {
                "isAdded": false,
                "movieDetails": Object {
                  "id": 1,
                },
              },
              "ref": null,
              "rendered": null,
              "type": [Function],
            },
            "type": "div",
          },
          Object {
            "instance": null,
            "key": "2",
            "nodeType": "host",
            "props": Object {
              "children": <Connect(MovieTile)
                isAdded={false}
                movieDetails={
                  Object {
                    "id": 2,
                  }
                }
              />,
              "className": "col-sm-4 col-xs-6",
            },
            "ref": null,
            "rendered": Object {
              "instance": null,
              "key": undefined,
              "nodeType": "class",
              "props": Object {
                "isAdded": false,
                "movieDetails": Object {
                  "id": 2,
                },
              },
              "ref": null,
              "rendered": null,
              "type": [Function],
            },
            "type": "div",
          },
        ],
        "type": "div",
      },
    ],
    "type": "div",
  },
  Symbol(enzyme.__nodes__): Array [
    Object {
      "instance": null,
      "key": undefined,
      "nodeType": "host",
      "props": Object {
        "children": Array [
          <h3>
            Top Rated Movies
          </h3>,
          null,
          <div
            className="row"
          >
            <div
              className="col-sm-4 col-xs-6"
            >
              <Connect(MovieTile)
                isAdded={false}
                movieDetails={
                  Object {
                    "id": 1,
                  }
                }
              />
            </div>
            <div
              className="col-sm-4 col-xs-6"
            >
              <Connect(MovieTile)
                isAdded={false}
                movieDetails={
                  Object {
                    "id": 2,
                  }
                }
              />
            </div>
          </div>,
        ],
        "className": "top-rated-movies",
      },
      "ref": null,
      "rendered": Array [
        Object {
          "instance": null,
          "key": undefined,
          "nodeType": "host",
          "props": Object {
            "children": "Top Rated Movies",
          },
          "ref": null,
          "rendered": "Top Rated Movies",
          "type": "h3",
        },
        null,
        Object {
          "instance": null,
          "key": undefined,
          "nodeType": "host",
          "props": Object {
            "children": Array [
              <div
                className="col-sm-4 col-xs-6"
              >
                <Connect(MovieTile)
                  isAdded={false}
                  movieDetails={
                    Object {
                      "id": 1,
                    }
                  }
                />
              </div>,
              <div
                className="col-sm-4 col-xs-6"
              >
                <Connect(MovieTile)
                  isAdded={false}
                  movieDetails={
                    Object {
                      "id": 2,
                    }
                  }
                />
              </div>,
            ],
            "className": "row",
          },
          "ref": null,
          "rendered": Array [
            Object {
              "instance": null,
              "key": "1",
              "nodeType": "host",
              "props": Object {
                "children": <Connect(MovieTile)
                  isAdded={false}
                  movieDetails={
                    Object {
                      "id": 1,
                    }
                  }
                />,
                "className": "col-sm-4 col-xs-6",
              },
              "ref": null,
              "rendered": Object {
                "instance": null,
                "key": undefined,
                "nodeType": "class",
                "props": Object {
                  "isAdded": false,
                  "movieDetails": Object {
                    "id": 1,
                  },
                },
                "ref": null,
                "rendered": null,
                "type": [Function],
              },
              "type": "div",
            },
            Object {
              "instance": null,
              "key": "2",
              "nodeType": "host",
              "props": Object {
                "children": <Connect(MovieTile)
                  isAdded={false}
                  movieDetails={
                    Object {
                      "id": 2,
                    }
                  }
                />,
                "className": "col-sm-4 col-xs-6",
              },
              "ref": null,
              "rendered": Object {
                "instance": null,
                "key": undefined,
                "nodeType": "class",
                "props": Object {
                  "isAdded": false,
                  "movieDetails": Object {
                    "id": 2,
                  },
                },
                "ref": null,
                "rendered": null,
                "type": [Function],
              },
              "type": "div",
            },
          ],
          "type": "div",
        },
      ],
      "type": "div",
    },
  ],
  Symbol(enzyme.__options__): Object {
    "adapter": ReactSixteenAdapter {
      "options": Object {
        "enableComponentDidUpdateOnSetState": true,
        "legacyContextMode": "parent",
        "lifecycles": Object {
          "componentDidUpdate": Object {
            "onSetState": true,
          },
          "getChildContext": Object {
            "calledByRenderer": false,
          },
          "getDerivedStateFromError": true,
          "getDerivedStateFromProps": Object {
            "hasShouldComponentUpdateBug": false,
          },
          "getSnapshotBeforeUpdate": true,
          "setState": Object {
            "skipsComponentDidUpdateOnNullish": true,
          },
        },
      },
    },
  },
  Symbol(enzyme.__childContext__): null,
}
`;
